running egg_info
creating ../../build/my_ros2_pkg/my_ros2_pkg.egg-info
writing ../../build/my_ros2_pkg/my_ros2_pkg.egg-info/PKG-INFO
writing dependency_links to ../../build/my_ros2_pkg/my_ros2_pkg.egg-info/dependency_links.txt
writing entry points to ../../build/my_ros2_pkg/my_ros2_pkg.egg-info/entry_points.txt
writing requirements to ../../build/my_ros2_pkg/my_ros2_pkg.egg-info/requires.txt
writing top-level names to ../../build/my_ros2_pkg/my_ros2_pkg.egg-info/top_level.txt
writing manifest file '../../build/my_ros2_pkg/my_ros2_pkg.egg-info/SOURCES.txt'
reading manifest file '../../build/my_ros2_pkg/my_ros2_pkg.egg-info/SOURCES.txt'
writing manifest file '../../build/my_ros2_pkg/my_ros2_pkg.egg-info/SOURCES.txt'
running build
running build_py
creating /home/ubuntu/ros2_ws/build/my_ros2_pkg/build
creating /home/ubuntu/ros2_ws/build/my_ros2_pkg/build/lib
creating /home/ubuntu/ros2_ws/build/my_ros2_pkg/build/lib/my_ros2_pkg
copying my_ros2_pkg/publisher_node.py -> /home/ubuntu/ros2_ws/build/my_ros2_pkg/build/lib/my_ros2_pkg
copying my_ros2_pkg/subscriber_node.py -> /home/ubuntu/ros2_ws/build/my_ros2_pkg/build/lib/my_ros2_pkg
copying my_ros2_pkg/__init__.py -> /home/ubuntu/ros2_ws/build/my_ros2_pkg/build/lib/my_ros2_pkg
running install
running install_lib
creating /home/ubuntu/ros2_ws/install/my_ros2_pkg/lib/python3.12/site-packages/my_ros2_pkg
copying /home/ubuntu/ros2_ws/build/my_ros2_pkg/build/lib/my_ros2_pkg/publisher_node.py -> /home/ubuntu/ros2_ws/install/my_ros2_pkg/lib/python3.12/site-packages/my_ros2_pkg
copying /home/ubuntu/ros2_ws/build/my_ros2_pkg/build/lib/my_ros2_pkg/subscriber_node.py -> /home/ubuntu/ros2_ws/install/my_ros2_pkg/lib/python3.12/site-packages/my_ros2_pkg
copying /home/ubuntu/ros2_ws/build/my_ros2_pkg/build/lib/my_ros2_pkg/__init__.py -> /home/ubuntu/ros2_ws/install/my_ros2_pkg/lib/python3.12/site-packages/my_ros2_pkg
byte-compiling /home/ubuntu/ros2_ws/install/my_ros2_pkg/lib/python3.12/site-packages/my_ros2_pkg/publisher_node.py to publisher_node.cpython-312.pyc
byte-compiling /home/ubuntu/ros2_ws/install/my_ros2_pkg/lib/python3.12/site-packages/my_ros2_pkg/subscriber_node.py to subscriber_node.cpython-312.pyc
byte-compiling /home/ubuntu/ros2_ws/install/my_ros2_pkg/lib/python3.12/site-packages/my_ros2_pkg/__init__.py to __init__.cpython-312.pyc
running install_data
creating /home/ubuntu/ros2_ws/install/my_ros2_pkg/share/ament_index
creating /home/ubuntu/ros2_ws/install/my_ros2_pkg/share/ament_index/resource_index
creating /home/ubuntu/ros2_ws/install/my_ros2_pkg/share/ament_index/resource_index/packages
copying resource/my_ros2_pkg -> /home/ubuntu/ros2_ws/install/my_ros2_pkg/share/ament_index/resource_index/packages
copying package.xml -> /home/ubuntu/ros2_ws/install/my_ros2_pkg/share/my_ros2_pkg
running install_egg_info
Copying ../../build/my_ros2_pkg/my_ros2_pkg.egg-info to /home/ubuntu/ros2_ws/install/my_ros2_pkg/lib/python3.12/site-packages/my_ros2_pkg-0.0.0-py3.12.egg-info
running install_scripts
Installing publisher script to /home/ubuntu/ros2_ws/install/my_ros2_pkg/lib/my_ros2_pkg
Installing subscriber script to /home/ubuntu/ros2_ws/install/my_ros2_pkg/lib/my_ros2_pkg
writing list of installed files to '/home/ubuntu/ros2_ws/build/my_ros2_pkg/install.log'
