[1.067s] Invoking command in '/home/ubuntu/ros2_ws/src/my_ros2_pkg': PYTHONPATH=/home/ubuntu/ros2_ws/build/my_ros2_pkg/prefix_override:/usr/lib/python3/dist-packages/colcon_core/task/python/colcon_distutils_commands:/home/ubuntu/ros2_ws/install/my_ros2_pkg/lib/python3.12/site-packages:${PYTHONPATH} /usr/bin/python3 -W ignore:setup.py install is deprecated -W ignore:easy_install command is deprecated setup.py egg_info --egg-base ../../build/my_ros2_pkg build --build-base /home/ubuntu/ros2_ws/build/my_ros2_pkg/build install --record /home/ubuntu/ros2_ws/build/my_ros2_pkg/install.log --install-scripts $base/lib/my_ros2_pkg --single-version-externally-managed install_data
[1.263s] running egg_info
[1.263s] creating ../../build/my_ros2_pkg/my_ros2_pkg.egg-info
[1.275s] writing ../../build/my_ros2_pkg/my_ros2_pkg.egg-info/PKG-INFO
[1.275s] writing dependency_links to ../../build/my_ros2_pkg/my_ros2_pkg.egg-info/dependency_links.txt
[1.276s] writing entry points to ../../build/my_ros2_pkg/my_ros2_pkg.egg-info/entry_points.txt
[1.276s] writing requirements to ../../build/my_ros2_pkg/my_ros2_pkg.egg-info/requires.txt
[1.276s] writing top-level names to ../../build/my_ros2_pkg/my_ros2_pkg.egg-info/top_level.txt
[1.276s] writing manifest file '../../build/my_ros2_pkg/my_ros2_pkg.egg-info/SOURCES.txt'
[1.301s] reading manifest file '../../build/my_ros2_pkg/my_ros2_pkg.egg-info/SOURCES.txt'
[1.302s] writing manifest file '../../build/my_ros2_pkg/my_ros2_pkg.egg-info/SOURCES.txt'
[1.302s] running build
[1.302s] running build_py
[1.302s] creating /home/ubuntu/ros2_ws/build/my_ros2_pkg/build
[1.303s] creating /home/ubuntu/ros2_ws/build/my_ros2_pkg/build/lib
[1.303s] creating /home/ubuntu/ros2_ws/build/my_ros2_pkg/build/lib/my_ros2_pkg
[1.304s] copying my_ros2_pkg/publisher_node.py -> /home/ubuntu/ros2_ws/build/my_ros2_pkg/build/lib/my_ros2_pkg
[1.304s] copying my_ros2_pkg/subscriber_node.py -> /home/ubuntu/ros2_ws/build/my_ros2_pkg/build/lib/my_ros2_pkg
[1.305s] copying my_ros2_pkg/__init__.py -> /home/ubuntu/ros2_ws/build/my_ros2_pkg/build/lib/my_ros2_pkg
[1.305s] running install
[1.312s] running install_lib
[1.328s] creating /home/ubuntu/ros2_ws/install/my_ros2_pkg/lib/python3.12/site-packages/my_ros2_pkg
[1.329s] copying /home/ubuntu/ros2_ws/build/my_ros2_pkg/build/lib/my_ros2_pkg/publisher_node.py -> /home/ubuntu/ros2_ws/install/my_ros2_pkg/lib/python3.12/site-packages/my_ros2_pkg
[1.329s] copying /home/ubuntu/ros2_ws/build/my_ros2_pkg/build/lib/my_ros2_pkg/subscriber_node.py -> /home/ubuntu/ros2_ws/install/my_ros2_pkg/lib/python3.12/site-packages/my_ros2_pkg
[1.329s] copying /home/ubuntu/ros2_ws/build/my_ros2_pkg/build/lib/my_ros2_pkg/__init__.py -> /home/ubuntu/ros2_ws/install/my_ros2_pkg/lib/python3.12/site-packages/my_ros2_pkg
[1.330s] byte-compiling /home/ubuntu/ros2_ws/install/my_ros2_pkg/lib/python3.12/site-packages/my_ros2_pkg/publisher_node.py to publisher_node.cpython-312.pyc
[1.331s] byte-compiling /home/ubuntu/ros2_ws/install/my_ros2_pkg/lib/python3.12/site-packages/my_ros2_pkg/subscriber_node.py to subscriber_node.cpython-312.pyc
[1.331s] byte-compiling /home/ubuntu/ros2_ws/install/my_ros2_pkg/lib/python3.12/site-packages/my_ros2_pkg/__init__.py to __init__.cpython-312.pyc
[1.331s] running install_data
[1.331s] creating /home/ubuntu/ros2_ws/install/my_ros2_pkg/share/ament_index
[1.332s] creating /home/ubuntu/ros2_ws/install/my_ros2_pkg/share/ament_index/resource_index
[1.332s] creating /home/ubuntu/ros2_ws/install/my_ros2_pkg/share/ament_index/resource_index/packages
[1.333s] copying resource/my_ros2_pkg -> /home/ubuntu/ros2_ws/install/my_ros2_pkg/share/ament_index/resource_index/packages
[1.333s] copying package.xml -> /home/ubuntu/ros2_ws/install/my_ros2_pkg/share/my_ros2_pkg
[1.333s] running install_egg_info
[1.347s] Copying ../../build/my_ros2_pkg/my_ros2_pkg.egg-info to /home/ubuntu/ros2_ws/install/my_ros2_pkg/lib/python3.12/site-packages/my_ros2_pkg-0.0.0-py3.12.egg-info
[1.348s] running install_scripts
[1.443s] Installing publisher script to /home/ubuntu/ros2_ws/install/my_ros2_pkg/lib/my_ros2_pkg
[1.443s] Installing subscriber script to /home/ubuntu/ros2_ws/install/my_ros2_pkg/lib/my_ros2_pkg
[1.444s] writing list of installed files to '/home/ubuntu/ros2_ws/build/my_ros2_pkg/install.log'
[1.471s] Invoked command in '/home/ubuntu/ros2_ws/src/my_ros2_pkg' returned '0': PYTHONPATH=/home/ubuntu/ros2_ws/build/my_ros2_pkg/prefix_override:/usr/lib/python3/dist-packages/colcon_core/task/python/colcon_distutils_commands:/home/ubuntu/ros2_ws/install/my_ros2_pkg/lib/python3.12/site-packages:${PYTHONPATH} /usr/bin/python3 -W ignore:setup.py install is deprecated -W ignore:easy_install command is deprecated setup.py egg_info --egg-base ../../build/my_ros2_pkg build --build-base /home/ubuntu/ros2_ws/build/my_ros2_pkg/build install --record /home/ubuntu/ros2_ws/build/my_ros2_pkg/install.log --install-scripts $base/lib/my_ros2_pkg --single-version-externally-managed install_data
